$env:PATH = "$PWD\.bootstrap-venv\Scripts;" + $env:PATH; & "$PWD\.bootstrap-venv\Scripts\python.exe" .just/run_lint.py all
fmt passed [1.7s]
clippy passed [0.64s]
deny passed [1.0s]
shear passed [0.31s]
arch-gates passed [4.1s]
version passed [0.33s]
boundaries passed [23.1s]
adr-index passed [0.13s]
unix-gating passed [2.6s]
same-host-portability passed [0.16s]
runtime-waits passed [7.2s]
manifests passed [0.18s]
daemon-signing-coupling passed [0.13s]
silent-emit passed [0.23s]
function-length passed [0.39s]
legacy-mailbox-paths passed [0.67s]
nudge-taxonomy passed [0.61s]
capability-degradation passed [0.31s]
identities passed [0.71s]
env-var-boundary passed [0.91s]
runtime-observation-boundary passed [0.27s]
read-concurrency-gates passed [7.1s]
fixed-sleep passed [0.31s]
ttl-triage passed [0.42s]
lines passed [0.27s]
spell passed [1.6s]
hermes-adapter passed [0.13s]
hermes-atm-boundary passed [0.13s]
atm-graft-python-boundary passed [0.13s]
daemon-singleton passed [0.49s]
legacy-transport-removal passed [0.52s]
peer-dial-seam passed [0.39s]
sc-boundary passed [12.4s]
sc-portability passed [2.4s]
pytests passed [113.6s]
lint passed: 35 check(s) succeeded
